..     add_integer('3', 3)
... except TypeError as ex:
...     print(ex.args[0])
a must be an integer
>>> try:
...     add_integer(('3'), 3)
... except TypeError as ex:
...     print(ex.args[0])
a must be an integer
>>> try:
...     add_integer(3, None)
... except TypeError as ex:
...     print(ex.args[0])
b must be an integer
>>> try:
...     add_integer(3, '4')
... except TypeError as ex:
...     print(ex.args[0])
b must be an integer
>>> try:
...     add_integer(float('inf'), float('inf'))
... except Exception as ex:
...     print(ex.args[0])
cannot convert float infinity to integer
>>> try:
...     add_integer(float('inf'), 4)
... except Exception as ex:
...     print(ex.args[0])
cannot convert float infinity to integer
>>> try:
...     add_integer(float('NaN'), 5)
... except Exception as ex:
...     print(ex.args[0])
cannot convert float NaN to integer

'''

